2026-08-26 16:11:23,129 [INFO] Iniciando scraping de tipo de cambio SUNAT
2026-08-26 16:11:23,129 [INFO] Periodos a consultar: (2024, 6) a (2026, 8) (27 meses)
2026-08-26 16:11:29,051 [INFO] Periodo 2024-06: 30 dias con tipo de cambio publicado.
2026-08-26 16:11:34,901 [INFO] Periodo 2024-07: 27 dias con tipo de cambio publicado.
2026-08-26 16:11:41,964 [INFO] Periodo 2024-08: 31 dias con tipo de cambio publicado.
2026-08-26 16:11:49,464 [INFO] Periodo 2024-09: 30 dias con tipo de cambio publicado.
2026-08-26 16:11:57,379 [INFO] Periodo 2024-10: 31 dias con tipo de cambio publicado.
2026-08-26 16:12:04,209 [INFO] Periodo 2024-11: 30 dias con tipo de cambio publicado.
2026-08-26 16:12:11,387 [INFO] Periodo 2024-12: 31 dias con tipo de cambio publicado.
2026-08-26 16:12:18,321 [INFO] Periodo 2025-01: 31 dias con tipo de cambio publicado.
2026-08-26 16:12:24,638 [INFO] Periodo 2025-02: 28 dias con tipo de cambio publicado.
2026-08-26 16:12:31,929 [INFO] Periodo 2025-03: 31 dias con tipo de cambio publicado.
2026-08-26 16:12:38,367 [INFO] Periodo 2025-04: 30 dias con tipo de cambio publicado.
2026-08-26 16:12:44,735 [INFO] Periodo 2025-05: 31 dias con tipo de cambio publicado.
2026-08-26 16:12:52,857 [INFO] Periodo 2025-06: 30 dias con tipo de cambio publicado.
2026-08-26 16:13:00,451 [INFO] Periodo 2025-07: 31 dias con tipo de cambio publicado.
2026-08-26 16:13:08,450 [INFO] Periodo 2025-08: 31 dias con tipo de cambio publicado.
2026-08-26 16:13:15,983 [INFO] Periodo 2025-09: 30 dias con tipo de cambio publicado.
2026-08-26 16:13:24,059 [INFO] Periodo 2025-10: 31 dias con tipo de cambio publicado.
2026-08-26 16:13:32,125 [INFO] Periodo 2025-11: 30 dias con tipo de cambio publicado.
2026-08-26 16:13:39,309 [INFO] Periodo 2025-12: 30 dias con tipo de cambio publicado.
2026-08-26 16:13:45,778 [INFO] Periodo 2026-01: 31 dias con tipo de cambio publicado.
2026-08-26 16:13:52,225 [INFO] Periodo 2026-02: 28 dias con tipo de cambio publicado.
2026-08-26 16:13:58,229 [INFO] Periodo 2026-03: 31 dias con tipo de cambio publicado.
2026-08-26 16:14:04,861 [INFO] Periodo 2026-04: 30 dias con tipo de cambio publicado.
2026-08-26 16:14:12,008 [INFO] Periodo 2026-05: 31 dias con tipo de cambio publicado.
2026-08-26 16:14:19,247 [INFO] Periodo 2026-06: 30 dias con tipo de cambio publicado.
2026-08-26 16:14:25,953 [INFO] Periodo 2026-07: 31 dias con tipo de cambio publicado.
2026-08-26 16:14:33,206 [INFO] Periodo 2026-08: 26 dias con tipo de cambio publicado.
2026-08-26 16:14:38,612 [INFO] ========== RESUMEN FINAL ==========
2026-08-26 16:14:38,612 [INFO] Total de dias procesados: 817
2026-08-26 16:14:38,612 [INFO] Dias con tipo de cambio publicado por SUNAT: 812
2026-08-26 16:14:38,612 [INFO] Dias sin publicacion (arrastrados del dia habil anterior): 5
2026-08-26 16:14:38,612 [INFO] Dias sin ningun dato disponible: 0
2026-08-26 16:14:38,612 [INFO] Meses con error durante la consulta: 0
2026-08-26 16:14:38,612 [INFO] Archivo consolidado guardado en: C:\Users\josem\OneDrive\Documentos\GitHub\Data-Science-Python\Labs\Python_Notebooks\LAB2\tipo_cambio_sunat.csv
2026-08-26 16:14:38,612 [INFO] ====================================
2026-08-26 18:02:08,386 [INFO] Iniciando scraping de tipo de cambio SUNAT
2026-08-26 18:02:08,386 [INFO] Periodos a consultar: (2024, 6) a (2026, 8) (27 meses)
2026-08-26 18:02:16,571 [INFO] Periodo 2024-06: 30 dias con tipo de cambio publicado.
2026-08-26 18:02:23,797 [INFO] Periodo 2024-07: 27 dias con tipo de cambio publicado.
2026-08-26 18:02:31,522 [INFO] Periodo 2024-08: 31 dias con tipo de cambio publicado.
2026-08-26 18:02:38,564 [INFO] Periodo 2024-09: 30 dias con tipo de cambio publicado.
2026-08-26 18:02:45,276 [INFO] Periodo 2024-10: 31 dias con tipo de cambio publicado.
2026-08-26 18:02:53,797 [INFO] Periodo 2024-11: 30 dias con tipo de cambio publicado.
2026-08-26 18:03:01,996 [INFO] Periodo 2024-12: 31 dias con tipo de cambio publicado.
2026-08-26 18:03:10,323 [INFO] Periodo 2025-01: 31 dias con tipo de cambio publicado.
2026-08-26 18:03:16,481 [INFO] Periodo 2025-02: 28 dias con tipo de cambio publicado.
2026-08-26 18:03:22,300 [INFO] Periodo 2025-03: 31 dias con tipo de cambio publicado.
2026-08-26 18:03:28,620 [INFO] Periodo 2025-04: 30 dias con tipo de cambio publicado.
2026-08-26 18:03:35,056 [INFO] Periodo 2025-05: 31 dias con tipo de cambio publicado.
2026-08-26 18:03:43,193 [INFO] Periodo 2025-06: 30 dias con tipo de cambio publicado.
2026-08-26 18:03:51,027 [INFO] Periodo 2025-07: 31 dias con tipo de cambio publicado.
2026-08-26 18:03:59,191 [INFO] Periodo 2025-08: 31 dias con tipo de cambio publicado.
2026-08-26 18:04:06,104 [INFO] Periodo 2025-09: 30 dias con tipo de cambio publicado.
2026-08-26 18:04:13,795 [INFO] Periodo 2025-10: 31 dias con tipo de cambio publicado.
2026-08-26 18:04:20,631 [INFO] Periodo 2025-11: 30 dias con tipo de cambio publicado.
2026-08-26 18:04:26,559 [INFO] Periodo 2025-12: 30 dias con tipo de cambio publicado.
2026-08-26 18:04:33,040 [INFO] Periodo 2026-01: 31 dias con tipo de cambio publicado.
2026-08-26 18:04:40,849 [INFO] Periodo 2026-02: 28 dias con tipo de cambio publicado.
2026-08-26 18:04:51,128 [INFO] Periodo 2026-03: 31 dias con tipo de cambio publicado.
2026-08-26 18:05:00,283 [INFO] Periodo 2026-04: 30 dias con tipo de cambio publicado.
2026-08-26 18:05:08,620 [INFO] Periodo 2026-05: 31 dias con tipo de cambio publicado.
2026-08-26 18:05:15,804 [INFO] Periodo 2026-06: 30 dias con tipo de cambio publicado.
2026-08-26 18:05:24,682 [INFO] Periodo 2026-07: 31 dias con tipo de cambio publicado.
2026-08-26 18:05:34,326 [INFO] Periodo 2026-08: 26 dias con tipo de cambio publicado.
2026-08-26 18:05:39,508 [INFO] ========== RESUMEN FINAL ==========
2026-08-26 18:05:39,508 [INFO] Total de dias procesados: 817
2026-08-26 18:05:39,508 [INFO] Dias con tipo de cambio publicado por SUNAT: 812
2026-08-26 18:05:39,508 [INFO] Dias sin publicacion (arrastrados del dia habil anterior): 5
2026-08-26 18:05:39,523 [INFO] Dias sin ningun dato disponible: 0
2026-08-26 18:05:39,523 [INFO] Meses con error durante la consulta: 0
2026-08-26 18:05:39,523 [INFO] Archivo consolidado guardado en: c:\Users\josem\OneDrive\Documentos\GitHub\personal\HW1_Diaz\2_WebScraping_SUNAT\output\tipo_cambio_sunat.csv
2026-08-26 18:05:39,523 [INFO] ====================================
