2026-09-07 18:43:46 [INFO   ] hw2: Log de esta corrida: C:\Users\josem\OneDrive\Documentos\GitHub\personal\HW2_Diaz\logs\fase1_20260907_184346.log
2026-09-07 18:43:46 [INFO   ] hw2: 
2026-09-07 18:43:46 [INFO   ] hw2: ======================================================================
2026-09-07 18:43:46 [INFO   ] hw2: HW2 — FASE 1 · Adquisicion y validacion de datos
2026-09-07 18:43:46 [INFO   ] hw2: ======================================================================
2026-09-07 18:43:46 [INFO   ] hw2: Departamentos : LAMBAYEQUE (Costa), AYACUCHO (Sierra), UCAYALI (Selva)
2026-09-07 18:43:46 [INFO   ] hw2: Resolutivas   : II-1, II-2, II-E, III-1, III-2, III-E
2026-09-07 18:43:46 [INFO   ] hw2: Estados activos: ACTIVO
2026-09-07 18:43:46 [INFO   ] hw2: Formato salida: parquet
2026-09-07 18:43:46 [INFO   ] src.acquisition: ----------------------------------------------------------------------
2026-09-07 18:43:46 [INFO   ] src.acquisition: FASE 1.1 — Adquisicion de datos
2026-09-07 18:43:46 [INFO   ] src.acquisition: ----------------------------------------------------------------------
2026-09-07 18:43:47 [INFO   ] src.acquisition:   [cache] renipress              ya existe (19.8 MB), no se re-descarga
2026-09-07 18:43:47 [INFO   ] src.acquisition:   [cache] renipress_anterior     ya existe (19.1 MB), no se re-descarga
2026-09-07 18:43:48 [INFO   ] src.acquisition:   [cache] centros_poblados       ya existe (6.0 MB), no se re-descarga
2026-09-07 18:43:48 [INFO   ] src.acquisition:   [cache] distritos              ya existe (18.8 MB), no se re-descarga
2026-09-07 18:43:49 [INFO   ] src.acquisition:   [cache] poblacion_raster       ya existe (6.4 MB), no se re-descarga
2026-09-07 18:43:49 [INFO   ] src.acquisition:   [skip]  poblacion_raster_alta_res omitido (usa --hi-res-pop para bajar los 596 MB del raster unconstrained)
2026-09-07 18:43:49 [INFO   ] src.acquisition:   [skip]  osm                    omitido (usa --with-osm para bajar los 244 MB del extracto OSM)
2026-09-07 18:43:49 [INFO   ] src.acquisition:   [cache] CCPP_0.zip ya descomprimido
2026-09-07 18:43:49 [INFO   ] src.acquisition:   [cache] DISTRITOS_LIMITES.zip ya descomprimido
2026-09-07 18:43:49 [INFO   ] src.acquisition: Adquisicion completa: 5 archivo(s) disponibles en C:\Users\josem\OneDrive\Documentos\GitHub\personal\HW2_Diaz\data\raw
2026-09-07 18:43:49 [INFO   ] hw2: 
2026-09-07 18:43:49 [INFO   ] hw2: ======================================================================
2026-09-07 18:43:49 [INFO   ] hw2: FASE 1.2 — Limites distritales
2026-09-07 18:43:49 [INFO   ] hw2: ======================================================================
2026-09-07 18:43:50 [INFO   ] hw2:   1891 distritos a nivel nacional
2026-09-07 18:43:50 [INFO   ] hw2:   181 distritos en el ambito
2026-09-07 18:43:50 [INFO   ] hw2:   por departamento: {'AYACUCHO': 124, 'LAMBAYEQUE': 38, 'UCAYALI': 19}
2026-09-07 18:43:50 [INFO   ] src.supply: ----------------------------------------------------------------------
2026-09-07 18:43:50 [INFO   ] src.supply: FASE 1.2 — Oferta: establecimientos de salud (RENIPRESS)
2026-09-07 18:43:50 [INFO   ] src.supply: ----------------------------------------------------------------------
2026-09-07 18:43:50 [INFO   ] src.supply:   RENIPRESS_31-08-2026.csv: 36004 registros x 31 columnas (encoding=utf-8-sig, sep=';')
2026-09-07 18:43:50 [INFO   ] src.validation:   !! R6   Problemas de codificacion en campos de texto   marcados=4      CORREGIDO
2026-09-07 18:43:50 [INFO   ] src.validation:        -> recuperados 4/4 (100.0%), descartados 0
2026-09-07 18:43:50 [INFO   ] src.supply:   categoria normalizada: 8552 sin categoria utilizable (23.8%)
2026-09-07 18:43:50 [INFO   ] src.supply:   distribucion: {'I-1': 11780, 'SIN_CATEGORIA': 8552, 'I-2': 8505, 'I-3': 5897, 'I-4': 498, 'II-E': 347, 'II-1': 273, 'II-2': 90, 'III-1': 35, 'III-2': 17, 'III-E': 10}
2026-09-07 18:43:50 [INFO   ] src.validation:   OK R5   Codigos duplicados en `COD_IPRESS`             marcados=0      SIN_HALLAZGOS
2026-09-07 18:43:50 [INFO   ] src.validation:   !! R1   Coordenadas ausentes, nulas o cero             marcados=13176  RETENIDO_CON_ADVERTENCIA
2026-09-07 18:43:50 [INFO   ] src.validation:   OK R3   Latitud y longitud intercambiadas              marcados=0      SIN_HALLAZGOS
2026-09-07 18:43:50 [INFO   ] src.validation:   !! R2   Coordenadas fuera del bounding box del Peru    marcados=5      RETENIDO_CON_ADVERTENCIA
2026-09-07 18:43:50 [INFO   ] src.validation:        coordenadas utilizables: 22823/36004 (63.4%)
2026-09-07 18:43:50 [INFO   ] src.validation:   !! R4   Punto fuera del distrito que el registro decla marcados=1719   RETENIDO_CON_ADVERTENCIA
2026-09-07 18:43:50 [INFO   ] src.validation:        -> recuperados 350/1719 (20.4%), descartados 0
2026-09-07 18:43:50 [INFO   ] src.supply:   nacional: 26901 activos · 677 resolutivos · 615 resolutivos aptos para ruteo
2026-09-07 18:43:50 [INFO   ] src.supply:   ambito (LAMBAYEQUE, AYACUCHO, UCAYALI): 2172 establecimientos · 42 resolutivos · 37 resolutivos aptos
2026-09-07 18:43:50 [INFO   ] src.supply:   categorias por departamento:
categoria     I-1  I-2  I-3  I-4  II-1  II-2  II-E  III-1  SIN_CATEGORIA
departamento                                                            
AYACUCHO      378  134  155   16    10     2     5      0             89
LAMBAYEQUE    119  219  179    8     5     1    17      2            450
UCAYALI       176   74   66    7     5     3     1      0             51
2026-09-07 18:43:50 [INFO   ] hw2: 
2026-09-07 18:43:50 [INFO   ] hw2: ======================================================================
2026-09-07 18:43:50 [INFO   ] hw2: FASE 1.4 — Demanda: centros poblados y poblacion
2026-09-07 18:43:50 [INFO   ] hw2: ======================================================================
2026-09-07 18:43:50 [INFO   ] hw2:   raster de poblacion en uso: per_ppp_2020_UNadj_constrained.tif
2026-09-07 18:43:50 [INFO   ] src.demand:   leyendo centros poblados: CCPP_IGN100K.shp
2026-09-07 18:43:52 [INFO   ] src.demand:     136587 centros poblados a nivel nacional
2026-09-07 18:43:52 [INFO   ] src.demand:     13269 en LAMBAYEQUE, AYACUCHO, UCAYALI
2026-09-07 18:43:52 [WARNING] src.demand:     45 centros poblados no cayeron dentro de ningun distrito (borde/costa); se descartan del dataset de demanda
2026-09-07 18:43:52 [INFO   ] src.demand:     13224 centros poblados con distrito asignado
2026-09-07 18:43:52 [INFO   ] src.demand:   imputando poblacion desde per_ppp_2020_UNadj_constrained.tif
2026-09-07 18:43:52 [INFO   ] src.demand:     distritos procesados 50/181
2026-09-07 18:43:52 [INFO   ] src.demand:     distritos procesados 100/181
2026-09-07 18:43:52 [INFO   ] src.demand:     distritos procesados 150/181
2026-09-07 18:43:53 [INFO   ] src.demand:     distritos procesados 181/181
2026-09-07 18:43:53 [WARNING] src.demand:     15 distrito(s) sin celdas pobladas en el raster: 050402, 050406, 050411, 050413, 050704, 050707, 050802, 050808...
2026-09-07 18:43:53 [INFO   ] src.demand:     poblacion en el raster (ambito): 2526638
2026-09-07 18:43:53 [INFO   ] src.demand:     poblacion asignada a centros poblados: 2526638 (100.0000% del raster)
2026-09-07 18:43:53 [INFO   ] src.demand:     centros poblados sin poblacion en el raster: 11345/13224 (85.8%)
2026-09-07 18:43:53 [INFO   ] src.demand:     poblacion imputada por departamento: {'AYACUCHO': 715240, 'LAMBAYEQUE': 1238761, 'UCAYALI': 572637}
2026-09-07 18:43:53 [WARNING] src.demand:     LIMITACION: los distritos sin celdas pobladas y los 11345 centros poblados con cero habitantes reflejan el sesgo conocido del producto 'constrained' en zonas de asentamiento disperso (Amazonia). Se conservan con peso 0 y el informe lo declara.
2026-09-07 18:43:53 [INFO   ] src.demand:     urbano=363 (77.0% de la poblacion) · rural=12861
2026-09-07 18:43:53 [INFO   ] src.demand:     poblacion_minima=0: se conservan los 13224 puntos de demanda, incluidos los de peso 0
2026-09-07 18:43:53 [INFO   ] hw2: 
2026-09-07 18:43:53 [INFO   ] hw2: ======================================================================
2026-09-07 18:43:53 [INFO   ] hw2: FASE 1.5 — Escritura de resultados
2026-09-07 18:43:53 [INFO   ] hw2: ======================================================================
2026-09-07 18:43:53 [INFO   ] src.io_utils:   guardado  oferta_salud.parquet           2172 filas  0.2 MB
2026-09-07 18:43:53 [INFO   ] src.io_utils:   guardado  oferta_salud.gpkg            (copia para QGIS)
2026-09-07 18:43:53 [INFO   ] src.io_utils:   guardado  demanda_ccpp.parquet          13224 filas  0.8 MB
2026-09-07 18:43:54 [INFO   ] src.io_utils:   guardado  demanda_ccpp.gpkg            (copia para QGIS)
2026-09-07 18:43:54 [INFO   ] src.io_utils:   guardado  distritos.parquet               181 filas  2.7 MB
2026-09-07 18:43:54 [INFO   ] src.io_utils:   guardado  distritos.gpkg               (copia para QGIS)
2026-09-07 18:43:54 [INFO   ] src.validation:   reporte de calidad -> data_quality_oferta.csv
2026-09-07 18:43:54 [INFO   ] src.validation:   reporte de calidad -> data_quality_oferta.md
2026-09-07 18:43:54 [INFO   ] hw2: 
2026-09-07 18:43:54 [INFO   ] hw2: ======================================================================
2026-09-07 18:43:54 [INFO   ] hw2: FASE 1.6 — Innovacion: rotacion temporal del registro
2026-09-07 18:43:54 [INFO   ] hw2: ======================================================================
2026-09-07 18:43:54 [INFO   ] src.supply:   comparacion temporal: RENIPRESS_30-04-2026.csv vs RENIPRESS_31-08-2026.csv
2026-09-07 18:43:54 [INFO   ] src.supply:   RENIPRESS_30-04-2026.csv: 35471 registros x 31 columnas (encoding=utf-8-sig, sep=';')
2026-09-07 18:43:54 [INFO   ] src.supply:   RENIPRESS_31-08-2026.csv: 36004 registros x 31 columnas (encoding=utf-8-sig, sep=';')
2026-09-07 18:43:55 [INFO   ] src.supply:   rotacion del registro entre cortes:
                      indicador  valor
establecimientos_corte_anterior   2136
  establecimientos_corte_actual   2172
                   altas_nuevas     36
            bajas_desaparecidas      0
            cambio_de_categoria     18
               cambio_de_estado     20
     resolutivos_corte_anterior     39
       resolutivos_corte_actual     42
   ganaron_capacidad_resolutiva      2
 perdieron_capacidad_resolutiva      1
2026-09-07 18:43:55 [INFO   ] src.io_utils:   guardado  comparacion_temporal_renipress.csv     10 filas
2026-09-07 18:43:55 [INFO   ] hw2: 
2026-09-07 18:43:55 [INFO   ] hw2: ======================================================================
2026-09-07 18:43:55 [INFO   ] hw2: FASE 1.7 — Resumen del ambito
2026-09-07 18:43:55 [INFO   ] hw2: ======================================================================
2026-09-07 18:43:55 [INFO   ] src.io_utils:   guardado  resumen_fase1.csv                 3 filas
2026-09-07 18:43:55 [INFO   ] hw2: 
departamento region_natural  distritos  centros_poblados  centros_sin_poblacion_raster  poblacion_total  poblacion_urbana  poblacion_rural  ipress_total  ipress_coord_valida  ipress_resolutivas  ipress_resolutivas_aptas  habitantes_por_resolutiva
  LAMBAYEQUE          Costa         38              1914                          1011          1238761            938380           300380          1000                  553                  22                        18                      68820
    AYACUCHO         Sierra        124             10078                          9233           715240            468604           246636           789                  721                  12                        12                      59603
     UCAYALI          Selva         19              1232                          1101           572637            539403            33235           383                  333                   8                         7                      81805
2026-09-07 18:43:55 [INFO   ] hw2: 
2026-09-07 18:43:55 [INFO   ] hw2: ======================================================================
2026-09-07 18:43:55 [INFO   ] hw2: FASE 1.8 — Figuras y mapa de control
2026-09-07 18:43:55 [INFO   ] hw2: ======================================================================
2026-09-07 18:43:56 [INFO   ] src.export:   figura    fase1_ambito.png
2026-09-07 18:43:57 [ERROR  ] hw2: El pipeline fallo:
Traceback (most recent call last):
  File "c:\Users\josem\OneDrive\Documentos\GitHub\personal\HW2_Diaz\run_pipeline.py", line 267, in main
    return FASES[args.phase](args)
           ^^^^^^^^^^^^^^^^^^^^^^^
  File "c:\Users\josem\OneDrive\Documentos\GitHub\personal\HW2_Diaz\run_pipeline.py", line 193, in fase_1
    export.figura_calidad(reporte.to_frame(), cfg.figuras_dir / "fase1_calidad.png")
  File "C:\Users\josem\OneDrive\Documentos\GitHub\personal\HW2_Diaz\src\export.py", line 115, in figura_calidad
    fig.savefig(destino, dpi=200, bbox_inches="tight")
  File "C:\Users\josem\.venvs\hw2-geo\Lib\site-packages\matplotlib\figure.py", line 3515, in savefig
    self.canvas.print_figure(fname, **kwargs)
  File "C:\Users\josem\.venvs\hw2-geo\Lib\site-packages\matplotlib\backend_bases.py", line 2289, in print_figure
    result = print_method(
             ^^^^^^^^^^^^^
  File "C:\Users\josem\.venvs\hw2-geo\Lib\site-packages\matplotlib\backend_bases.py", line 2146, in <lambda>
    print_method = functools.wraps(meth)(lambda *args, **kwargs: meth(
                                                                 ^^^^^
  File "C:\Users\josem\.venvs\hw2-geo\Lib\site-packages\matplotlib\backends\backend_agg.py", line 537, in print_png
    self._print_pil(filename_or_obj, "png", pil_kwargs, metadata)
  File "C:\Users\josem\.venvs\hw2-geo\Lib\site-packages\matplotlib\backends\backend_agg.py", line 486, in _print_pil
    mpl.image.imsave(
  File "C:\Users\josem\.venvs\hw2-geo\Lib\site-packages\matplotlib\image.py", line 1722, in imsave
    image.save(fname, **pil_kwargs)
  File "C:\Users\josem\.venvs\hw2-geo\Lib\site-packages\PIL\Image.py", line 2706, in save
    fp = builtins.open(filename, "w+b")
         ^^^^^^^^^^^^^^^^^^^^^^^^^^^^^^
OSError: [Errno 22] Invalid argument: 'C:\\Users\\josem\\OneDrive\\Documentos\\GitHub\\personal\\HW2_Diaz\\report\\figures\\fase1_calidad.png'
