2026-09-09 08:53:08 [INFO   ] hw2: Log de esta corrida: C:\Users\josem\OneDrive\Documentos\GitHub\personal\HW2_Diaz\logs\fase1_20260909_085308.log
2026-09-09 08:53:08 [INFO   ] hw2: Modo 'all': se ejecutaran en secuencia las fases 1, 2, 3
2026-09-09 08:53:08 [INFO   ] hw2: 
2026-09-09 08:53:08 [INFO   ] hw2: ======================================================================
2026-09-09 08:53:08 [INFO   ] hw2: HW2 — FASE 1 · Adquisicion y validacion de datos
2026-09-09 08:53:08 [INFO   ] hw2: ======================================================================
2026-09-09 08:53:08 [INFO   ] hw2: Departamentos : LAMBAYEQUE (Costa), AYACUCHO (Sierra), LORETO (Selva)
2026-09-09 08:53:08 [INFO   ] hw2: Resolutivas   : II-1, II-2, II-E, III-1, III-2, III-E
2026-09-09 08:53:08 [INFO   ] hw2: Estados activos: ACTIVO
2026-09-09 08:53:08 [INFO   ] hw2: Formato salida: parquet
2026-09-09 08:53:08 [INFO   ] src.acquisition: ----------------------------------------------------------------------
2026-09-09 08:53:08 [INFO   ] src.acquisition: FASE 1.1 — Adquisicion de datos
2026-09-09 08:53:08 [INFO   ] src.acquisition: ----------------------------------------------------------------------
2026-09-09 08:53:09 [INFO   ] src.acquisition:   [cache] renipress              ya existe (19.8 MB), no se re-descarga
2026-09-09 08:53:10 [INFO   ] src.acquisition:   [cache] renipress_anterior     ya existe (19.1 MB), no se re-descarga
2026-09-09 08:53:10 [INFO   ] src.acquisition:   [cache] centros_poblados       ya existe (6.0 MB), no se re-descarga
2026-09-09 08:53:11 [INFO   ] src.acquisition:   [cache] distritos              ya existe (18.8 MB), no se re-descarga
2026-09-09 08:53:12 [INFO   ] src.acquisition:   [cache] poblacion_raster       ya existe (6.4 MB), no se re-descarga
2026-09-09 08:53:12 [INFO   ] src.acquisition:   [skip]  poblacion_raster_alta_res omitido (usa --hi-res-pop para bajar los 596 MB del raster unconstrained)
2026-09-09 08:53:12 [INFO   ] src.acquisition:   [skip]  osm                    omitido (usa --with-osm para bajar los 244 MB del extracto OSM)
2026-09-09 08:53:12 [INFO   ] src.acquisition:   [cache] CCPP_0.zip ya descomprimido
2026-09-09 08:53:12 [INFO   ] src.acquisition:   [cache] DISTRITOS_LIMITES.zip ya descomprimido
2026-09-09 08:53:12 [INFO   ] src.acquisition: Adquisicion completa: 5 archivo(s) disponibles en C:\Users\josem\OneDrive\Documentos\GitHub\personal\HW2_Diaz\data\raw
2026-09-09 08:53:12 [INFO   ] hw2: 
2026-09-09 08:53:12 [INFO   ] hw2: ======================================================================
2026-09-09 08:53:12 [INFO   ] hw2: FASE 1.2 — Limites distritales
2026-09-09 08:53:12 [INFO   ] hw2: ======================================================================
2026-09-09 08:53:33 [INFO   ] hw2:   1891 distritos a nivel nacional
2026-09-09 08:53:33 [INFO   ] hw2:   215 distritos en el ambito
2026-09-09 08:53:33 [INFO   ] hw2:   por departamento: {'AYACUCHO': 124, 'LAMBAYEQUE': 38, 'LORETO': 53}
2026-09-09 08:53:33 [INFO   ] src.supply: ----------------------------------------------------------------------
2026-09-09 08:53:33 [INFO   ] src.supply: FASE 1.2 — Oferta: establecimientos de salud (RENIPRESS)
2026-09-09 08:53:33 [INFO   ] src.supply: ----------------------------------------------------------------------
2026-09-09 08:53:33 [INFO   ] src.supply:   RENIPRESS_31-08-2026.csv: 36004 registros x 31 columnas (encoding=utf-8-sig, sep=';')
2026-09-09 08:53:33 [INFO   ] src.validation:   !! R6   Problemas de codificacion en campos de texto   marcados=4      CORREGIDO
2026-09-09 08:53:33 [INFO   ] src.validation:        -> recuperados 4/4 (100.0%), descartados 0
2026-09-09 08:53:33 [INFO   ] src.supply:   categoria normalizada: 8552 sin categoria utilizable (23.8%)
2026-09-09 08:53:34 [INFO   ] src.supply:   distribucion: {'I-1': 11780, 'SIN_CATEGORIA': 8552, 'I-2': 8505, 'I-3': 5897, 'I-4': 498, 'II-E': 347, 'II-1': 273, 'II-2': 90, 'III-1': 35, 'III-2': 17, 'III-E': 10}
2026-09-09 08:53:34 [INFO   ] src.validation:   OK R5   Codigos duplicados en `COD_IPRESS`             marcados=0      SIN_HALLAZGOS
2026-09-09 08:53:34 [INFO   ] src.validation:   !! R1   Coordenadas ausentes, nulas o cero             marcados=13176  RETENIDO_CON_ADVERTENCIA
2026-09-09 08:53:34 [INFO   ] src.validation:   OK R3   Latitud y longitud intercambiadas              marcados=0      SIN_HALLAZGOS
2026-09-09 08:53:34 [INFO   ] src.validation:   !! R2   Coordenadas fuera del bounding box del Peru    marcados=5      RETENIDO_CON_ADVERTENCIA
2026-09-09 08:53:34 [INFO   ] src.validation:        coordenadas utilizables: 22823/36004 (63.4%)
2026-09-09 08:53:34 [INFO   ] src.validation:   !! R4   Punto fuera del distrito que el registro decla marcados=1719   RETENIDO_CON_ADVERTENCIA
2026-09-09 08:53:34 [INFO   ] src.validation:        -> recuperados 350/1719 (20.4%), descartados 0
2026-09-09 08:53:34 [INFO   ] src.supply:   nacional: 26901 activos · 677 resolutivos · 615 resolutivos aptos para ruteo
2026-09-09 08:53:34 [INFO   ] src.supply:   ambito (LAMBAYEQUE, AYACUCHO, LORETO): 2838 establecimientos · 48 resolutivos · 44 resolutivos aptos
2026-09-09 08:53:34 [INFO   ] src.supply:   categorias por departamento:
categoria     I-1  I-2  I-3  I-4  II-1  II-2  II-E  III-1  SIN_CATEGORIA
departamento                                                            
AYACUCHO      378  134  155   16    10     2     5      0             89
LAMBAYEQUE    119  219  179    8     5     1    17      2            450
LORETO        396  253  142   23     7     3     4      2            219
2026-09-09 08:53:34 [INFO   ] hw2: 
2026-09-09 08:53:34 [INFO   ] hw2: ======================================================================
2026-09-09 08:53:34 [INFO   ] hw2: FASE 1.4 — Demanda: centros poblados y poblacion
2026-09-09 08:53:34 [INFO   ] hw2: ======================================================================
2026-09-09 08:53:34 [INFO   ] hw2:   raster de poblacion en uso: per_ppp_2020_UNadj_constrained.tif
2026-09-09 08:53:34 [INFO   ] src.demand:   leyendo centros poblados: CCPP_IGN100K.shp
2026-09-09 08:53:35 [INFO   ] src.demand:     136587 centros poblados a nivel nacional
2026-09-09 08:53:35 [INFO   ] src.demand:     15481 en LAMBAYEQUE, AYACUCHO, LORETO
2026-09-09 08:53:35 [WARNING] src.demand:     63 centros poblados no cayeron dentro de ningun distrito (borde/costa); se descartan del dataset de demanda
2026-09-09 08:53:35 [INFO   ] src.demand:     15418 centros poblados con distrito asignado
2026-09-09 08:53:35 [INFO   ] src.demand:   imputando poblacion desde per_ppp_2020_UNadj_constrained.tif
2026-09-09 08:53:36 [INFO   ] src.demand:     distritos procesados 50/215
2026-09-09 08:53:36 [INFO   ] src.demand:     distritos procesados 100/215
2026-09-09 08:53:36 [INFO   ] src.demand:     distritos procesados 150/215
2026-09-09 08:53:38 [INFO   ] src.demand:     distritos procesados 200/215
2026-09-09 08:53:39 [INFO   ] src.demand:     distritos procesados 215/215
2026-09-09 08:53:39 [WARNING] src.demand:     17 distrito(s) sin celdas pobladas en el raster: 050402, 050406, 050411, 050413, 050704, 050707, 050802, 050808...
2026-09-09 08:53:39 [INFO   ] src.demand:     poblacion en el raster (ambito): 2732389
2026-09-09 08:53:39 [INFO   ] src.demand:     poblacion asignada a centros poblados: 2732389 (100.0000% del raster)
2026-09-09 08:53:39 [INFO   ] src.demand:     centros poblados sin poblacion en el raster: 13146/15418 (85.3%)
2026-09-09 08:53:39 [INFO   ] src.demand:     poblacion imputada por departamento: {'AYACUCHO': 715240, 'LAMBAYEQUE': 1238761, 'LORETO': 778389}
2026-09-09 08:53:39 [WARNING] src.demand:     LIMITACION: los distritos sin celdas pobladas y los 13146 centros poblados con cero habitantes reflejan el sesgo conocido del producto 'constrained' en zonas de asentamiento disperso (Amazonia). Se conservan con peso 0 y el informe lo declara.
2026-09-09 08:53:39 [INFO   ] src.demand:     urbano=441 (72.6% de la poblacion) · rural=14977
2026-09-09 08:53:39 [INFO   ] src.demand:     poblacion_minima=0: se conservan los 15418 puntos de demanda, incluidos los de peso 0
2026-09-09 08:53:39 [INFO   ] hw2: 
2026-09-09 08:53:39 [INFO   ] hw2: ======================================================================
2026-09-09 08:53:39 [INFO   ] hw2: FASE 1.5 — Escritura de resultados
2026-09-09 08:53:39 [INFO   ] hw2: ======================================================================
2026-09-09 08:53:39 [INFO   ] src.io_utils:   guardado  oferta_salud.parquet           2838 filas  0.2 MB
2026-09-09 08:53:39 [INFO   ] src.io_utils:   guardado  oferta_salud.gpkg            (copia para QGIS)
2026-09-09 08:53:39 [INFO   ] src.io_utils:   guardado  demanda_ccpp.parquet          15418 filas  0.9 MB
2026-09-09 08:53:39 [INFO   ] src.io_utils:   guardado  demanda_ccpp.gpkg            (copia para QGIS)
2026-09-09 08:53:40 [INFO   ] src.io_utils:   guardado  distritos.parquet               215 filas  3.0 MB
2026-09-09 08:53:40 [INFO   ] src.io_utils:   guardado  distritos.gpkg               (copia para QGIS)
2026-09-09 08:53:40 [ERROR  ] hw2: El pipeline fallo:
Traceback (most recent call last):
  File "c:\Users\josem\OneDrive\Documentos\GitHub\personal\HW2_Diaz\run_pipeline.py", line 934, in main
    rc = FASES[n](args)
         ^^^^^^^^^^^^^^
  File "c:\Users\josem\OneDrive\Documentos\GitHub\personal\HW2_Diaz\run_pipeline.py", line 215, in fase_1
    exportar_reporte(reporte, cfg.outputs_dir, "oferta")
  File "C:\Users\josem\OneDrive\Documentos\GitHub\personal\HW2_Diaz\src\validation.py", line 519, in exportar_reporte
    reporte.to_frame().to_csv(csv_p, index=False, encoding="utf-8")
  File "C:\Users\josem\.venvs\hw2-geo\Lib\site-packages\pandas\core\generic.py", line 3976, in to_csv
    return DataFrameRenderer(formatter).to_csv(
           ^^^^^^^^^^^^^^^^^^^^^^^^^^^^^^^^^^^^
  File "C:\Users\josem\.venvs\hw2-geo\Lib\site-packages\pandas\io\formats\format.py", line 1025, in to_csv
    csv_formatter.save()
  File "C:\Users\josem\.venvs\hw2-geo\Lib\site-packages\pandas\io\formats\csvs.py", line 251, in save
    with get_handle(
         ^^^^^^^^^^^
  File "C:\Users\josem\.venvs\hw2-geo\Lib\site-packages\pandas\io\common.py", line 930, in get_handle
    handle = open(
             ^^^^^
PermissionError: [Errno 13] Permission denied: 'C:\\Users\\josem\\OneDrive\\Documentos\\GitHub\\personal\\HW2_Diaz\\data\\outputs\\data_quality_oferta.csv'
