2026-09-07 20:50:22 [INFO   ] hw2: Log de esta corrida: C:\Users\josem\OneDrive\Documentos\GitHub\personal\HW2_Diaz\logs\fase2_20260907_205022.log
2026-09-07 20:50:22 [INFO   ] hw2: 
2026-09-07 20:50:22 [INFO   ] hw2: ======================================================================
2026-09-07 20:50:22 [INFO   ] hw2: HW2 — FASE 2 · Ruteo y tiempos de viaje
2026-09-07 20:50:22 [INFO   ] hw2: ======================================================================
2026-09-07 20:50:22 [INFO   ] hw2: 
2026-09-07 20:50:22 [INFO   ] hw2: ======================================================================
2026-09-07 20:50:22 [INFO   ] hw2: FASE 2.1 — Insumos de la Fase 1
2026-09-07 20:50:22 [INFO   ] hw2: ======================================================================
2026-09-07 20:50:22 [INFO   ] hw2:   demanda      : 15418 centros poblados
2026-09-07 20:50:22 [INFO   ] hw2:   resolutivas  : 44 aptas para ruteo
2026-09-07 20:50:22 [INFO   ] hw2:   oferta total : 2097 aptas para ruteo (cualquier categoria)
2026-09-07 20:50:22 [INFO   ] hw2: 
2026-09-07 20:50:22 [INFO   ] hw2: ======================================================================
2026-09-07 20:50:22 [INFO   ] hw2: FASE 2.2 — Servidores OSRM disponibles
2026-09-07 20:50:22 [INFO   ] hw2: ======================================================================
2026-09-07 20:50:22 [INFO   ] hw2:   car   DISPONIBLE en http://localhost:5000
2026-09-07 20:50:22 [INFO   ] hw2:   foot  DISPONIBLE en http://localhost:5001
2026-09-07 20:50:22 [INFO   ] hw2:   bike  DISPONIBLE en http://localhost:5002
2026-09-07 20:50:22 [INFO   ] hw2: 
2026-09-07 20:50:22 [INFO   ] hw2: ======================================================================
2026-09-07 20:50:22 [INFO   ] hw2: FASE 2.3 — Muestreo de la demanda
2026-09-07 20:50:22 [INFO   ] hw2: ======================================================================
2026-09-07 20:50:23 [INFO   ] src.routing:   muestreo estratificado: 15418 -> 5000 puntos en 215 distritos (semilla=42)
2026-09-07 20:50:23 [INFO   ] src.routing:   poblacion representada: 2732389 de 2732389 (100.0000%)
2026-09-07 20:50:23 [INFO   ] hw2: 
2026-09-07 20:50:23 [INFO   ] hw2: ======================================================================
2026-09-07 20:50:23 [INFO   ] hw2: FASE 2.4 — Enganche a la red vial (snapping)
2026-09-07 20:50:23 [INFO   ] hw2: ======================================================================
2026-09-07 20:50:23 [INFO   ] src.routing:   [cache] snapping car    demanda  5000 puntos reutilizados
2026-09-07 20:50:23 [INFO   ] src.routing:   snapping demanda-car: 5000/5000 enganchados · medio=5888m mediana=356m p95=34803m max=133754m · >1km: 1901 · >5km: 1124
2026-09-07 20:50:23 [INFO   ] src.routing:   [cache] snapping car    oferta   44 puntos reutilizados
2026-09-07 20:50:23 [INFO   ] src.routing:   snapping oferta-car: 44/44 enganchados · medio=15m mediana=10m p95=44m max=61m · >1km: 0 · >5km: 0
2026-09-07 20:50:23 [INFO   ] src.routing:   fuera de red (snap > 2000 m): 1571/5000 puntos (31.4%) · 294234 habitantes (10.8% de la poblacion)
2026-09-07 20:50:23 [INFO   ] src.routing:     AYACUCHO      238/2096 puntos ·   4.3% de su poblacion
2026-09-07 20:50:23 [INFO   ] src.routing:     LAMBAYEQUE     25/1224 puntos ·   0.8% de su poblacion
2026-09-07 20:50:23 [INFO   ] src.routing:     LORETO       1308/1680 puntos ·  32.5% de su poblacion
2026-09-07 20:50:23 [INFO   ] src.routing:   sensibilidad al umbral de enganche:
 umbral_m  puntos_fuera  pct_puntos  poblacion_fuera  pct_poblacion  pct_pob_ayac  pct_pob_lamb  pct_pob_lore
      500          2274        45.5           388548           14.2           8.9           3.1          36.8
     1000          1901        38.0           330946           12.1           6.8           1.3          34.3
     2000          1571        31.4           294234           10.8           4.3           0.8          32.5
     5000          1124        22.5           226327            8.3           1.2           0.2          27.7
    10000           784        15.7           187711            6.9           0.0           0.1          24.0
2026-09-07 20:50:23 [INFO   ] src.io_utils:   guardado  sensibilidad_umbral_snap.csv      5 filas
2026-09-07 20:50:23 [INFO   ] src.io_utils:   guardado  snapping_diagnostico.csv          2 filas
2026-09-07 20:50:23 [INFO   ] hw2: 
2026-09-07 20:50:23 [INFO   ] hw2: ======================================================================
2026-09-07 20:50:23 [INFO   ] hw2: FASE 2.5 — Matriz completa origen x resolutiva, por modo
2026-09-07 20:50:23 [INFO   ] hw2: ======================================================================
2026-09-07 20:50:23 [INFO   ] src.routing:   [cache] matriz car   220000 pares reutilizados de matriz_car_83d3ed70e74b7252.parquet
2026-09-07 20:50:23 [INFO   ] hw2:   matriz completa guardada en data/processed/matriz_car.parquet
2026-09-07 20:50:23 [WARNING] src.routing:   197 de 4869 origenes (4.0%) tienen trayecto degenerado de 0 m: el origen y el establecimiento enganchan al mismo nodo de la red. Se marcan `snap_colapsado` y se excluyen de los estadisticos de tiempo.
2026-09-07 20:50:23 [WARNING] src.routing:   131 de 5000 origenes no alcanzan NINGUN establecimiento resolutivo por carretera (2.6%)
2026-09-07 20:50:23 [INFO   ] src.routing:   [cache] matriz foot  220000 pares reutilizados de matriz_foot_5ac1d48490105600.parquet
2026-09-07 20:50:23 [WARNING] src.routing:   30 de 4557 origenes (0.7%) tienen trayecto degenerado de 0 m: el origen y el establecimiento enganchan al mismo nodo de la red. Se marcan `snap_colapsado` y se excluyen de los estadisticos de tiempo.
2026-09-07 20:50:23 [WARNING] src.routing:   443 de 5000 origenes no alcanzan NINGUN establecimiento resolutivo por carretera (8.9%)
2026-09-07 20:50:23 [INFO   ] src.routing:   [cache] matriz bike  220000 pares reutilizados de matriz_bike_4f6577c16a17aa62.parquet
2026-09-07 20:50:23 [WARNING] src.routing:   30 de 4557 origenes (0.7%) tienen trayecto degenerado de 0 m: el origen y el establecimiento enganchan al mismo nodo de la red. Se marcan `snap_colapsado` y se excluyen de los estadisticos de tiempo.
2026-09-07 20:50:23 [WARNING] src.routing:   443 de 5000 origenes no alcanzan NINGUN establecimiento resolutivo por carretera (8.9%)
2026-09-07 20:50:23 [INFO   ] hw2: 
2026-09-07 20:50:23 [INFO   ] hw2: ======================================================================
2026-09-07 20:50:23 [INFO   ] hw2: FASE 2.6 — Comparacion entre modos
2026-09-07 20:50:23 [INFO   ] hw2: ======================================================================
2026-09-07 20:50:23 [INFO   ] src.routing:   comparacion entre modos:
2026-09-07 20:50:23 [INFO   ] src.routing:     AYACUCHO     mediana car=66.1 min
2026-09-07 20:50:23 [INFO   ] src.routing:                   foot mediana=748.1 min · razon vs car: 10.52 (p90 23.7) · cambia el mas cercano en 33.1% de los puntos
2026-09-07 20:50:23 [INFO   ] src.routing:                   bike mediana=301.5 min · razon vs car: 4.13 (p90 9.88) · cambia el mas cercano en 32.8% de los puntos
2026-09-07 20:50:23 [INFO   ] src.routing:     LAMBAYEQUE   mediana car=28.7 min
2026-09-07 20:50:23 [INFO   ] src.routing:                   foot mediana=401.9 min · razon vs car: 12.6 (p90 20.12) · cambia el mas cercano en 17.4% de los puntos
2026-09-07 20:50:23 [INFO   ] src.routing:                   bike mediana=184.2 min · razon vs car: 6.02 (p90 10.85) · cambia el mas cercano en 47.3% de los puntos
2026-09-07 20:50:23 [INFO   ] src.routing:     LORETO       mediana car=126.1 min
2026-09-07 20:50:23 [INFO   ] src.routing:                   foot mediana=636.4 min · razon vs car: 6.54 (p90 18.88) · cambia el mas cercano en 28.0% de los puntos
2026-09-07 20:50:23 [INFO   ] src.routing:                   bike mediana=251.8 min · razon vs car: 2.63 (p90 13.21) · cambia el mas cercano en 28.0% de los puntos
2026-09-07 20:50:23 [INFO   ] src.io_utils:   guardado  comparacion_modos.csv             3 filas
2026-09-07 20:50:23 [INFO   ] hw2: 
2026-09-07 20:50:23 [INFO   ] hw2: ======================================================================
2026-09-07 20:50:23 [INFO   ] hw2: FASE 2.7 — Acceso urbano caminando (cualquier categoria)
2026-09-07 20:50:23 [INFO   ] hw2: ======================================================================
2026-09-07 20:50:23 [INFO   ] src.routing:   acceso urbano a pie: 390 puntos urbanos x 2097 establecimientos de cualquier categoria
2026-09-07 20:50:23 [INFO   ] src.routing:   [cache] matriz foot_urbano 817830 pares reutilizados de matriz_foot_urbano_39647fca35fa5535.parquet
2026-09-07 20:50:23 [WARNING] src.routing:   68 de 390 origenes (17.4%) tienen trayecto degenerado de 0 m: el origen y el establecimiento enganchan al mismo nodo de la red. Se marcan `snap_colapsado` y se excluyen de los estadisticos de tiempo.
2026-09-07 20:50:23 [INFO   ] src.routing:   tiempo caminando al establecimiento mas cercano (cualquier categoria):
2026-09-07 20:50:23 [INFO   ] src.routing:     depto            n mediana      p90 colapsad 
2026-09-07 20:50:23 [INFO   ] src.routing:     AYACUCHO       160    4.3'    22.5'        5  (3% de sus puntos)
2026-09-07 20:50:23 [INFO   ] src.routing:     LAMBAYEQUE     112    7.0'    56.6'        0  (0% de sus puntos)
2026-09-07 20:50:23 [INFO   ] src.routing:     LORETO          50    5.8'    39.4'       63  (56% de sus puntos)
2026-09-07 20:50:23 [INFO   ] src.io_utils:   guardado  acceso_urbano_pie.csv           390 filas
2026-09-07 20:50:23 [INFO   ] hw2: 
2026-09-07 20:50:23 [INFO   ] hw2: ======================================================================
2026-09-07 20:50:23 [INFO   ] hw2: FASE 2.8 — Consolidado por punto de demanda
2026-09-07 20:50:23 [INFO   ] hw2: ======================================================================
2026-09-07 20:50:23 [INFO   ] src.io_utils:   guardado  acceso_puntos.parquet          5000 filas  0.6 MB
2026-09-07 20:50:23 [INFO   ] src.io_utils:   guardado  acceso_puntos.gpkg           (copia para QGIS)
2026-09-07 20:50:23 [INFO   ] hw2: 
2026-09-07 20:50:23 [INFO   ] hw2: ======================================================================
2026-09-07 20:50:23 [INFO   ] hw2: FASE 2.9 — Resumen del acceso por departamento
2026-09-07 20:50:23 [INFO   ] hw2: ======================================================================
2026-09-07 20:50:23 [INFO   ] src.io_utils:   guardado  resumen_fase2.csv                 3 filas
2026-09-07 20:50:23 [INFO   ] hw2: 
departamento region_natural  puntos  poblacion  pct_inalcanzable_por_carretera  pct_pob_fuera_de_red  t_mediana_todos_min  t_mediana_en_red_min  t_p90_en_red_min
  LAMBAYEQUE          Costa    1224    1238761                             0.0                   0.8                 28.7                  28.3              84.8
    AYACUCHO         Sierra    2096     715240                             0.0                   4.3                 66.1                  60.2             160.6
      LORETO          Selva    1680     778389                             7.8                  32.5                126.1                  47.3            2204.5
2026-09-07 20:50:23 [INFO   ] hw2: 
2026-09-07 20:50:23 [INFO   ] hw2: ======================================================================
2026-09-07 20:50:23 [INFO   ] hw2: FASE 2.10 — Figuras
2026-09-07 20:50:23 [INFO   ] hw2: ======================================================================
2026-09-07 20:50:24 [INFO   ] src.export:   figura    fase2_acceso.png
2026-09-07 20:50:24 [INFO   ] src.export:   figura    fase2_snapping.png
2026-09-07 20:50:24 [INFO   ] src.export:   figura    fase2_modos.png
2026-09-07 20:50:24 [INFO   ] hw2: 
2026-09-07 20:50:24 [INFO   ] hw2: ======================================================================
2026-09-07 20:50:24 [INFO   ] hw2: FASE 2 COMPLETA en 0.0 min
2026-09-07 20:50:24 [INFO   ] hw2: ======================================================================
2026-09-07 20:50:24 [INFO   ] hw2: Modos calculados  : car, foot, bike
2026-09-07 20:50:24 [INFO   ] hw2: Peticiones a OSRM : 3 · 0.0s de red
2026-09-07 20:50:24 [INFO   ] hw2: Salidas en        : C:\Users\josem\OneDrive\Documentos\GitHub\personal\HW2_Diaz\data\processed
2026-09-07 20:50:24 [INFO   ] hw2:                     C:\Users\josem\OneDrive\Documentos\GitHub\personal\HW2_Diaz\data\outputs
